Traceback (most recent call last):
  File "C:\Users\<user>\AppData\Local\Programs\Python\Python312\Lib\site-packages\huggingface_hub\utils\_http.py", line 761, in hf_raise_for_status
    response.raise_for_status()
  File "C:\Users\<user>\AppData\Local\Programs\Python\Python312\Lib\site-packages\httpx\_models.py", line 829, in raise_for_status
    raise HTTPStatusError(message, request=request, response=self)
httpx.HTTPStatusError: Client error '401 Unauthorized' for url 'https://huggingface.co/google/gemma-3-4b-it/resolve/main/config.json'
For more information check: https://developer.mozilla.org/en-US/docs/Web/HTTP/Status/401

The above exception was the direct cause of the following exception:

Traceback (most recent call last):
  File "C:\Users\<user>\AppData\Local\Programs\Python\Python312\Lib\site-packages\transformers\utils\hub.py", line 422, in cached_files
    hf_hub_download(
  File "C:\Users\<user>\AppData\Local\Programs\Python\Python312\Lib\site-packages\huggingface_hub\utils\_validators.py", line 88, in _inner_fn
    return fn(*args, **kwargs)
           ^^^^^^^^^^^^^^^^^^^
  File "C:\Users\<user>\AppData\Local\Programs\Python\Python312\Lib\site-packages\huggingface_hub\file_download.py", line 997, in hf_hub_download
    return _hf_hub_download_to_cache_dir(
           ^^^^^^^^^^^^^^^^^^^^^^^^^^^^^^
  File "C:\Users\<user>\AppData\Local\Programs\Python\Python312\Lib\site-packages\huggingface_hub\file_download.py", line 1148, in _hf_hub_download_to_cache_dir
    _raise_on_head_call_error(head_call_error, force_download, local_files_only)
  File "C:\Users\<user>\AppData\Local\Programs\Python\Python312\Lib\site-packages\huggingface_hub\file_download.py", line 1782, in _raise_on_head_call_error
    raise head_call_error
  File "C:\Users\<user>\AppData\Local\Programs\Python\Python312\Lib\site-packages\huggingface_hub\file_download.py", line 1669, in _get_metadata_or_catch_error
    metadata = get_hf_file_metadata(
               ^^^^^^^^^^^^^^^^^^^^^
  File "C:\Users\<user>\AppData\Local\Programs\Python\Python312\Lib\site-packages\huggingface_hub\utils\_validators.py", line 88, in _inner_fn
    return fn(*args, **kwargs)
           ^^^^^^^^^^^^^^^^^^^
  File "C:\Users\<user>\AppData\Local\Programs\Python\Python312\Lib\site-packages\huggingface_hub\file_download.py", line 1591, in get_hf_file_metadata
    response = _httpx_follow_relative_redirects_with_backoff(
               ^^^^^^^^^^^^^^^^^^^^^^^^^^^^^^^^^^^^^^^^^^^^^^
  File "C:\Users\<user>\AppData\Local\Programs\Python\Python312\Lib\site-packages\huggingface_hub\utils\_http.py", line 692, in _httpx_follow_relative_redirects_with_backoff
    hf_raise_for_status(response)
  File "C:\Users\<user>\AppData\Local\Programs\Python\Python312\Lib\site-packages\huggingface_hub\utils\_http.py", line 787, in hf_raise_for_status
    raise _format(GatedRepoError, message, response, repo_type=repo_type, repo_id=repo_id) from e
huggingface_hub.errors.GatedRepoError: 401 Client Error. (Request ID: Root=1-6a661bdd-5609f3f27f14924d31b22244;2780c7bc-3c07-4ae1-9174-db86982bd81b)

Cannot access gated repo for url https://huggingface.co/google/gemma-3-4b-it/resolve/main/config.json.
Access to model google/gemma-3-4b-it is restricted. You must have access to it and be authenticated to access it. Please log in.

The above exception was the direct cause of the following exception:

Traceback (most recent call last):
  File "C:\Users\<user>\AppData\Local\Programs\Python\Python312\Lib\site-packages\transformers\models\auto\tokenization_auto.py", line 692, in from_pretrained
    config = AutoConfig.from_pretrained(
             ^^^^^^^^^^^^^^^^^^^^^^^^^^^
  File "C:\Users\<user>\AppData\Local\Programs\Python\Python312\Lib\site-packages\transformers\models\auto\configuration_auto.py", line 374, in from_pretrained
    config_dict, unused_kwargs = PreTrainedConfig.get_config_dict(pretrained_model_name_or_path, **kwargs)
                                 ^^^^^^^^^^^^^^^^^^^^^^^^^^^^^^^^^^^^^^^^^^^^^^^^^^^^^^^^^^^^^^^^^^^^^^^^^
  File "C:\Users\<user>\AppData\Local\Programs\Python\Python312\Lib\site-packages\transformers\configuration_utils.py", line 682, in get_config_dict
    config_dict, kwargs = cls._get_config_dict(pretrained_model_name_or_path, **kwargs)
                          ^^^^^^^^^^^^^^^^^^^^^^^^^^^^^^^^^^^^^^^^^^^^^^^^^^^^^^^^^^^^^
  File "C:\Users\<user>\AppData\Local\Programs\Python\Python312\Lib\site-packages\transformers\configuration_utils.py", line 737, in _get_config_dict
    resolved_config_file = cached_file(
                           ^^^^^^^^^^^^
  File "C:\Users\<user>\AppData\Local\Programs\Python\Python312\Lib\site-packages\transformers\utils\hub.py", line 278, in cached_file
    file = cached_files(path_or_repo_id=path_or_repo_id, filenames=[filename], **kwargs)
           ^^^^^^^^^^^^^^^^^^^^^^^^^^^^^^^^^^^^^^^^^^^^^^^^^^^^^^^^^^^^^^^^^^^^^^^^^^^^^
  File "C:\Users\<user>\AppData\Local\Programs\Python\Python312\Lib\site-packages\transformers\utils\hub.py", line 488, in cached_files
    raise OSError(
OSError: You are trying to access a gated repo.
Make sure to have access to it at https://huggingface.co/google/gemma-3-4b-it.
401 Client Error. (Request ID: Root=1-6a661bdd-5609f3f27f14924d31b22244;2780c7bc-3c07-4ae1-9174-db86982bd81b)

Cannot access gated repo for url https://huggingface.co/google/gemma-3-4b-it/resolve/main/config.json.
Access to model google/gemma-3-4b-it is restricted. You must have access to it and be authenticated to access it. Please log in.

During handling of the above exception, another exception occurred:

Traceback (most recent call last):
  File "C:\Users\<user>\AppData\Local\Programs\Python\Python312\Lib\site-packages\huggingface_hub\utils\_http.py", line 761, in hf_raise_for_status
    response.raise_for_status()
  File "C:\Users\<user>\AppData\Local\Programs\Python\Python312\Lib\site-packages\httpx\_models.py", line 829, in raise_for_status
    raise HTTPStatusError(message, request=request, response=self)
httpx.HTTPStatusError: Client error '401 Unauthorized' for url 'https://huggingface.co/google/gemma-3-4b-it/resolve/main/config.json'
For more information check: https://developer.mozilla.org/en-US/docs/Web/HTTP/Status/401

The above exception was the direct cause of the following exception:

Traceback (most recent call last):
  File "C:\Users\<user>\AppData\Local\Programs\Python\Python312\Lib\site-packages\transformers\utils\hub.py", line 422, in cached_files
    hf_hub_download(
  File "C:\Users\<user>\AppData\Local\Programs\Python\Python312\Lib\site-packages\huggingface_hub\utils\_validators.py", line 88, in _inner_fn
    return fn(*args, **kwargs)
           ^^^^^^^^^^^^^^^^^^^
  File "C:\Users\<user>\AppData\Local\Programs\Python\Python312\Lib\site-packages\huggingface_hub\file_download.py", line 997, in hf_hub_download
    return _hf_hub_download_to_cache_dir(
           ^^^^^^^^^^^^^^^^^^^^^^^^^^^^^^
  File "C:\Users\<user>\AppData\Local\Programs\Python\Python312\Lib\site-packages\huggingface_hub\file_download.py", line 1148, in _hf_hub_download_to_cache_dir
    _raise_on_head_call_error(head_call_error, force_download, local_files_only)
  File "C:\Users\<user>\AppData\Local\Programs\Python\Python312\Lib\site-packages\huggingface_hub\file_download.py", line 1782, in _raise_on_head_call_error
    raise head_call_error
  File "C:\Users\<user>\AppData\Local\Programs\Python\Python312\Lib\site-packages\huggingface_hub\file_download.py", line 1669, in _get_metadata_or_catch_error
    metadata = get_hf_file_metadata(
               ^^^^^^^^^^^^^^^^^^^^^
  File "C:\Users\<user>\AppData\Local\Programs\Python\Python312\Lib\site-packages\huggingface_hub\utils\_validators.py", line 88, in _inner_fn
    return fn(*args, **kwargs)
           ^^^^^^^^^^^^^^^^^^^
  File "C:\Users\<user>\AppData\Local\Programs\Python\Python312\Lib\site-packages\huggingface_hub\file_download.py", line 1591, in get_hf_file_metadata
    response = _httpx_follow_relative_redirects_with_backoff(
               ^^^^^^^^^^^^^^^^^^^^^^^^^^^^^^^^^^^^^^^^^^^^^^
  File "C:\Users\<user>\AppData\Local\Programs\Python\Python312\Lib\site-packages\huggingface_hub\utils\_http.py", line 692, in _httpx_follow_relative_redirects_with_backoff
    hf_raise_for_status(response)
  File "C:\Users\<user>\AppData\Local\Programs\Python\Python312\Lib\site-packages\huggingface_hub\utils\_http.py", line 787, in hf_raise_for_status
    raise _format(GatedRepoError, message, response, repo_type=repo_type, repo_id=repo_id) from e
huggingface_hub.errors.GatedRepoError: 401 Client Error. (Request ID: Root=1-6a661bde-15f0aac61cd0c51130c594f2;93aee0f6-3015-4338-8e55-829eff622537)

Cannot access gated repo for url https://huggingface.co/google/gemma-3-4b-it/resolve/main/config.json.
Access to model google/gemma-3-4b-it is restricted. You must have access to it and be authenticated to access it. Please log in.

The above exception was the direct cause of the following exception:

Traceback (most recent call last):
  File "<frozen runpy>", line 198, in _run_module_as_main
  File "<frozen runpy>", line 88, in _run_code
  File "C:\Users\<user>\cms-prototype\benchmark\bineval\build_cd_offline.py", line 592, in <module>
    main()
  File "C:\Users\<user>\cms-prototype\benchmark\bineval\build_cd_offline.py", line 533, in main
    raw_fn, unload_fn = make_gemma_extractor_fn(args.extract_model_id)
                        ^^^^^^^^^^^^^^^^^^^^^^^^^^^^^^^^^^^^^^^^^^^^^^
  File "C:\Users\<user>\cms-prototype\benchmark\bineval\build_cd_offline.py", line 191, in make_gemma_extractor_fn
    tokenizer = AutoTokenizer.from_pretrained(model_id)
                ^^^^^^^^^^^^^^^^^^^^^^^^^^^^^^^^^^^^^^^
  File "C:\Users\<user>\AppData\Local\Programs\Python\Python312\Lib\site-packages\transformers\models\auto\tokenization_auto.py", line 696, in from_pretrained
    config = PreTrainedConfig.from_pretrained(pretrained_model_name_or_path, **kwargs)
             ^^^^^^^^^^^^^^^^^^^^^^^^^^^^^^^^^^^^^^^^^^^^^^^^^^^^^^^^^^^^^^^^^^^^^^^^^
  File "C:\Users\<user>\AppData\Local\Programs\Python\Python312\Lib\site-packages\transformers\configuration_utils.py", line 641, in from_pretrained
    config_dict, kwargs = cls.get_config_dict(pretrained_model_name_or_path, **kwargs)
                          ^^^^^^^^^^^^^^^^^^^^^^^^^^^^^^^^^^^^^^^^^^^^^^^^^^^^^^^^^^^^
  File "C:\Users\<user>\AppData\Local\Programs\Python\Python312\Lib\site-packages\transformers\configuration_utils.py", line 682, in get_config_dict
    config_dict, kwargs = cls._get_config_dict(pretrained_model_name_or_path, **kwargs)
                          ^^^^^^^^^^^^^^^^^^^^^^^^^^^^^^^^^^^^^^^^^^^^^^^^^^^^^^^^^^^^^
  File "C:\Users\<user>\AppData\Local\Programs\Python\Python312\Lib\site-packages\transformers\configuration_utils.py", line 737, in _get_config_dict
    resolved_config_file = cached_file(
                           ^^^^^^^^^^^^
  File "C:\Users\<user>\AppData\Local\Programs\Python\Python312\Lib\site-packages\transformers\utils\hub.py", line 278, in cached_file
    file = cached_files(path_or_repo_id=path_or_repo_id, filenames=[filename], **kwargs)
           ^^^^^^^^^^^^^^^^^^^^^^^^^^^^^^^^^^^^^^^^^^^^^^^^^^^^^^^^^^^^^^^^^^^^^^^^^^^^^
  File "C:\Users\<user>\AppData\Local\Programs\Python\Python312\Lib\site-packages\transformers\utils\hub.py", line 488, in cached_files
    raise OSError(
OSError: You are trying to access a gated repo.
Make sure to have access to it at https://huggingface.co/google/gemma-3-4b-it.
401 Client Error. (Request ID: Root=1-6a661bde-15f0aac61cd0c51130c594f2;93aee0f6-3015-4338-8e55-829eff622537)

Cannot access gated repo for url https://huggingface.co/google/gemma-3-4b-it/resolve/main/config.json.
Access to model google/gemma-3-4b-it is restricted. You must have access to it and be authenticated to access it. Please log in.
loading Gemma extractor (google/gemma-3-4b-it, 4-bit nf4, device_map=auto)...
